
--- Hardware Autodetection ---
[Hardware] Detected Apple Silicon (M-series).
[Hardware] WARNING: JAX Metal plugin not found. Falling back to CPU.
           Install with: python -m pip install jax-metal
------------------------------

=========================================
 Processing Ingredient: SBM
=========================================

-> [STEP 1] Running Baseline Pre-Optimization Simulation...
   (This single run will take ~45s because it generates the initial Excel spreadsheets
   and JAX is analyzing the math for the very first time)

finished foregut
Solving duodenum slowly-digested protein equations took 1.485892 seconds
Function solving_duo_USl took 3.248093s
Function SlP_for_RP_d took 0.191241s
Function solving_duo_R took 2.030167s
Solving duodenum equations took 8.851712 seconds
Flattening duodenum results took 5.318058 seconds
finished duodenum

~~~Calculating duodenum properties took 14.170045 seconds
Function solving_jej_USl took 4.205581s
Function SlP_for_RP_j took 4.892328s
Function solving_jej_R took 7.402156s
Function solving_jej_feed took 1.038678s
Solving jejunum equations took 12.646524 seconds
Flattening jejunum results took 21.077709 seconds
finished jejunum

~~~Calculating jejunum properties took 33.724641 seconds
Function solving_il_USl took 4.357882s
Function solving_il_R took 2.314246s
Function solving_il_feed took 1.083356s
Solving ileum equations took 7.755610 seconds
Flattening ileum results took 22.347112 seconds
finished ileum

~~~Calculating ileum properties took 30.102950 seconds
Function HindGIT took 77.997973s

-> Exporting complete results to 'Python_VSCode_Files/' ...
done exporting to Python_VSCode_Files

Starting AUTODIFF gradient optimization for sbm...
[2026-06-15 19:37:55] Eval 001 | X: k_absp=63.7867, k_dig=0.0878, Kp_endog=0.0142 | Elapsed: 00:00 | ETA: ~00:02 ... Solving duodenum slowly-digested protein equations took 0.408998 seconds
Function solving_duo_USl took 0.815066s
Function SlP_for_RP_d took 0.004110s
Function solving_duo_R took 0.499010s
Function solving_jej_USl took 1.469221s
Function SlP_for_RP_j took 0.003931s
Function solving_jej_R took 0.497378s
Function solving_jej_feed took 0.000462s
Function solving_il_USl took 0.816394s
Function solving_il_R took 0.466816s
Function solving_il_feed took 0.000437s
Loss: 9032074943320.4863  <-- (Target: 0.0000)
[2026-06-15 19:38:14] Eval 002 | X: k_absp=38.1972, k_dig=0.0878, Kp_endog=0.0142 | Elapsed: 00:19 | ETA: ~39:58 ... Loss: 8042815524120.1807  <-- (Target: 0.0000)
[2026-06-15 19:38:19] Eval 003 | X: k_absp=61.8038, k_dig=0.0878, Kp_endog=0.0142 | Elapsed: 00:24 | ETA: ~33:15 ... Loss: 8832981556530.2695  <-- (Target: 0.0000)
[2026-06-15 19:38:24] Eval 004 | X: k_absp=23.6076, k_dig=0.0878, Kp_endog=0.0142 | Elapsed: 00:29 | ETA: ~29:47 ... Loss: 8606728371746.6025  <-- (Target: 0.0000)
[2026-06-15 19:38:29] Eval 005 | X: k_absp=41.1372, k_dig=0.0878, Kp_endog=0.0142 | Elapsed: 00:34 | ETA: ~27:47 ... Loss: 8351720275361.7109  <-- (Target: 0.0000)
[2026-06-15 19:38:34] Eval 006 | X: k_absp=33.2595, k_dig=0.0878, Kp_endog=0.0142 | Elapsed: 00:39 | ETA: ~26:54 ... Loss: 7912033242099.1982  <-- (Target: 0.0000)
[2026-06-15 19:38:40] Eval 007 | X: k_absp=34.4008, k_dig=0.0878, Kp_endog=0.0142 | Elapsed: 00:44 | ETA: ~25:58 ... Loss: 8681988389154.5801  <-- (Target: 0.0000)
[2026-06-15 19:38:45] Eval 008 | X: k_absp=29.5728, k_dig=0.0878, Kp_endog=0.0142 | Elapsed: 00:49 | ETA: ~25:10 ... Loss: 7560465210109.4062  <-- (Target: 0.0000)
[2026-06-15 19:38:50] Eval 009 | X: k_absp=27.2943, k_dig=0.0878, Kp_endog=0.0142 | Elapsed: 00:55 | ETA: ~24:37 ... Loss: 9330355203899.7637  <-- (Target: 0.0000)
[2026-06-15 19:38:55] Eval 010 | X: k_absp=30.9810, k_dig=0.0878, Kp_endog=0.0142 | Elapsed: 01:00 | ETA: ~24:15 ... Loss: 8334611724455.0371  <-- (Target: 0.0000)
[2026-06-15 19:39:00] Eval 011 | X: k_absp=28.7025, k_dig=0.0878, Kp_endog=0.0142 | Elapsed: 01:05 | ETA: ~23:48 ... Loss: 7880894078708.1650  <-- (Target: 0.0000)
[2026-06-15 19:39:05] Eval 012 | X: k_absp=30.1107, k_dig=0.0878, Kp_endog=0.0142 | Elapsed: 01:10 | ETA: ~23:18 ... Loss: 8782751931065.1484  <-- (Target: 0.0000)
[2026-06-15 19:39:10] Eval 013 | X: k_absp=29.2404, k_dig=0.0878, Kp_endog=0.0142 | Elapsed: 01:15 | ETA: ~22:57 ... Loss: 8061435441983.5264  <-- (Target: 0.0000)
[2026-06-15 19:39:15] Eval 014 | X: k_absp=29.7783, k_dig=0.0878, Kp_endog=0.0142 | Elapsed: 01:20 | ETA: ~22:40 ... Loss: 7712542789953.5674  <-- (Target: 0.0000)
[2026-06-15 19:39:21] Eval 015 | X: k_absp=29.3163, k_dig=0.0878, Kp_endog=0.0142 | Elapsed: 01:26 | ETA: ~22:30 ... Loss: 8991231687112.3965  <-- (Target: 0.0000)
[2026-06-15 19:39:26] Eval 016 | X: k_absp=29.4748, k_dig=0.0878, Kp_endog=0.0142 | Elapsed: 01:31 | ETA: ~22:11 ... Loss: 8498388905720.5332  <-- (Target: 0.0000)
[2026-06-15 19:39:31] Eval 017 | X: k_absp=29.6513, k_dig=0.0878, Kp_endog=0.0142 | Elapsed: 01:35 | ETA: ~21:55 ... Loss: 7881268013790.4102  <-- (Target: 0.0000)
[2026-06-15 19:39:36] Eval 018 | X: k_absp=29.5354, k_dig=0.0878, Kp_endog=0.0142 | Elapsed: 01:41 | ETA: ~21:45 ... Loss: 8923311835746.9082  <-- (Target: 0.0000)
[2026-06-15 19:39:41] Eval 019 | X: k_absp=29.6028, k_dig=0.0878, Kp_endog=0.0142 | Elapsed: 01:46 | ETA: ~21:35 ... Loss: 8281302644968.6553  <-- (Target: 0.0000)
[2026-06-15 19:39:48] Eval 020 | X: k_absp=29.5585, k_dig=0.0878, Kp_endog=0.0142 | Elapsed: 01:53 | ETA: ~21:41 ... Loss: 8477126709682.8213  <-- (Target: 0.0000)
[2026-06-15 19:39:54] Eval 021 | X: k_absp=29.5842, k_dig=0.0878, Kp_endog=0.0142 | Elapsed: 01:59 | ETA: ~21:39 ... Loss: 7821881110158.3086  <-- (Target: 0.0000)
[2026-06-15 19:39:59] Eval 022 | X: k_absp=29.5673, k_dig=0.0878, Kp_endog=0.0142 | Elapsed: 02:04 | ETA: ~21:32 ... Loss: 8041975455672.5625  <-- (Target: 0.0000)
[2026-06-15 19:40:05] Eval 023 | X: k_absp=29.5772, k_dig=0.0878, Kp_endog=0.0142 | Elapsed: 02:10 | ETA: ~21:24 ... Loss: 8888764209697.7500  <-- (Target: 0.0000)
[2026-06-15 19:40:10] Eval 024 | X: k_absp=29.5707, k_dig=0.0878, Kp_endog=0.0142 | Elapsed: 02:15 | ETA: ~21:18 ... Loss: 7660301963192.8223  <-- (Target: 0.0000)
[2026-06-15 19:40:16] Eval 025 | X: k_absp=29.5745, k_dig=0.0878, Kp_endog=0.0142 | Elapsed: 02:21 | ETA: ~21:09 ... Loss: 8593189697769.9609  <-- (Target: 0.0000)
[2026-06-15 19:40:20] Eval 026 | X: k_absp=29.5720, k_dig=0.0878, Kp_endog=0.0142 | Elapsed: 02:25 | ETA: ~20:56 ... Loss: 8646088927089.1504  <-- (Target: 0.0000)
[2026-06-15 19:40:26] Eval 027 | X: k_absp=29.5734, k_dig=0.0878, Kp_endog=0.0142 | Elapsed: 02:30 | ETA: ~20:46 ... Loss: 8635182475746.3447  <-- (Target: 0.0000)
[2026-06-15 19:40:30] Eval 028 | X: k_absp=29.5725, k_dig=0.0878, Kp_endog=0.0142 | Elapsed: 02:35 | ETA: ~20:34 ... Loss: 7919386178239.6748  <-- (Target: 0.0000)
[2026-06-15 19:40:35] Eval 029 | X: k_absp=29.5730, k_dig=0.0878, Kp_endog=0.0142 | Elapsed: 02:40 | ETA: ~20:22 ... Loss: 8279294218233.8125  <-- (Target: 0.0000)
[2026-06-15 19:40:40] Eval 030 | X: k_absp=29.5727, k_dig=0.0878, Kp_endog=0.0142 | Elapsed: 02:45 | ETA: ~20:10 ... Loss: 8264371365807.0195  <-- (Target: 0.0000)
[2026-06-15 19:40:44] Eval 031 | X: k_absp=29.5729, k_dig=0.0878, Kp_endog=0.0142 | Elapsed: 02:49 | ETA: ~19:59 ... Loss: 9108251489649.2441  <-- (Target: 0.0000)
[2026-06-15 19:40:49] Eval 032 | X: k_absp=29.5728, k_dig=0.0878, Kp_endog=0.0142 | Elapsed: 02:54 | ETA: ~19:48 ... Loss: 9273269817176.5996  <-- (Target: 0.0000)
[2026-06-15 19:40:54] Eval 033 | X: k_absp=29.5728, k_dig=0.0878, Kp_endog=0.0142 | Elapsed: 02:59 | ETA: ~19:42 ... Loss: 8064494684042.9141  <-- (Target: 0.0000)
[2026-06-15 19:40:59] Eval 034 | X: k_absp=29.5728, k_dig=0.0388, Kp_endog=0.0142 | Elapsed: 03:04 | ETA: ~19:31 ... Loss: 1239514101961.2510  <-- (Target: 0.0000)
[2026-06-15 19:41:03] Eval 035 | X: k_absp=29.5728, k_dig=0.0622, Kp_endog=0.0142 | Elapsed: 03:08 | ETA: ~19:18 ... Loss: 3715470358810.5815  <-- (Target: 0.0000)
[2026-06-15 19:41:08] Eval 036 | X: k_absp=29.5728, k_dig=0.0244, Kp_endog=0.0142 | Elapsed: 03:13 | ETA: ~19:08 ... Loss: 407678344933.1346  <-- (Target: 0.0000)
[2026-06-15 19:41:12] Eval 037 | X: k_absp=29.5728, k_dig=0.0091, Kp_endog=0.0142 | Elapsed: 03:17 | ETA: ~18:57 ... Loss: 30855027762.0327  <-- (Target: 0.0000)
[2026-06-15 19:41:16] Eval 038 | X: k_absp=29.5728, k_dig=0.0056, Kp_endog=0.0142 | Elapsed: 03:21 | ETA: ~18:44 ... Loss: 6665817211.7756  <-- (Target: 0.0000)
[2026-06-15 19:41:20] Eval 039 | X: k_absp=29.5728, k_dig=0.0036, Kp_endog=0.0142 | Elapsed: 03:25 | ETA: ~18:32 ... Loss: 1422908571.4369  <-- (Target: 0.0000)
[2026-06-15 19:41:24] Eval 040 | X: k_absp=29.5728, k_dig=0.0030, Kp_endog=0.0142 | Elapsed: 03:29 | ETA: ~18:21 ... Loss: 612665195.7494  <-- (Target: 0.0000)
[2026-06-15 19:41:28] Eval 041 | X: k_absp=29.5728, k_dig=0.0022, Kp_endog=0.0142 | Elapsed: 03:33 | ETA: ~18:10 ... Loss: 180744831.2842  <-- (Target: 0.0000)
[2026-06-15 19:41:33] Eval 042 | X: k_absp=29.5728, k_dig=0.0019, Kp_endog=0.0142 | Elapsed: 03:38 | ETA: ~17:59 ... Loss: 85441359.8602  <-- (Target: 0.0000)
[2026-06-15 19:41:37] Eval 043 | X: k_absp=29.5728, k_dig=0.0016, Kp_endog=0.0142 | Elapsed: 03:42 | ETA: ~17:50 ... Loss: 30982747.5249  <-- (Target: 0.0000)
[2026-06-15 19:41:41] Eval 044 | X: k_absp=29.5728, k_dig=0.0015, Kp_endog=0.0142 | Elapsed: 03:46 | ETA: ~17:40 ... Loss: 27978770.7454  <-- (Target: 0.0000)
[2026-06-15 19:41:45] Eval 045 | X: k_absp=29.5728, k_dig=0.0015, Kp_endog=0.0142 | Elapsed: 03:50 | ETA: ~17:30 ... Loss: 25018394.9063  <-- (Target: 0.0000)
[2026-06-15 19:41:49] Eval 046 | X: k_absp=29.5728, k_dig=0.0013, Kp_endog=0.0142 | Elapsed: 03:54 | ETA: ~17:20 ... Loss: 12638547.9727  <-- (Target: 0.0000)
[2026-06-15 19:41:53] Eval 047 | X: k_absp=29.5728, k_dig=0.0012, Kp_endog=0.0142 | Elapsed: 03:58 | ETA: ~17:10 ... Loss: 8152242.3264  <-- (Target: 0.0000)
[2026-06-15 19:41:58] Eval 048 | X: k_absp=29.5728, k_dig=0.0011, Kp_endog=0.0142 | Elapsed: 04:02 | ETA: ~17:02 ... Loss: 6633429.4988  <-- (Target: 0.0000)
[2026-06-15 19:42:02] Eval 049 | X: k_absp=29.5728, k_dig=0.0011, Kp_endog=0.0142 | Elapsed: 04:06 | ETA: ~16:52 ... Loss: 5424789.0406  <-- (Target: 0.0000)
[2026-06-15 19:42:06] Eval 050 | X: k_absp=29.5728, k_dig=0.0010, Kp_endog=0.0142 | Elapsed: 04:11 | ETA: ~16:44 ... Loss: 5379551.4230  <-- (Target: 0.0000)
[2026-06-15 19:42:10] Eval 051 | X: k_absp=29.5728, k_dig=0.0010, Kp_endog=0.0388 | Elapsed: 04:15 | ETA: ~16:35 ... Loss: 5330172.6407  <-- (Target: 0.0000)
[2026-06-15 19:42:14] Eval 052 | X: k_absp=29.5728, k_dig=0.0010, Kp_endog=0.0622 | Elapsed: 04:19 | ETA: ~16:28 ... Loss: 5283504.8808  <-- (Target: 0.0000)
[2026-06-15 19:42:19] Eval 053 | X: k_absp=29.5728, k_dig=0.0010, Kp_endog=0.0766 | Elapsed: 04:24 | ETA: ~16:21 ... Loss: 5255254.3639  <-- (Target: 0.0000)
[2026-06-15 19:42:23] Eval 054 | X: k_absp=29.5728, k_dig=0.0010, Kp_endog=0.0856 | Elapsed: 04:28 | ETA: ~16:13 ... Loss: 5237752.9163  <-- (Target: 0.0000)
[2026-06-15 19:42:27] Eval 055 | X: k_absp=29.5728, k_dig=0.0010, Kp_endog=0.0911 | Elapsed: 04:32 | ETA: ~16:05 ... Loss: 5226644.2338  <-- (Target: 0.0000)
[2026-06-15 19:42:31] Eval 056 | X: k_absp=29.5728, k_dig=0.0010, Kp_endog=0.0945 | Elapsed: 04:36 | ETA: ~15:57 ... Loss: 5219901.5802  <-- (Target: 0.0000)
[2026-06-15 19:42:35] Eval 057 | X: k_absp=29.5728, k_dig=0.0010, Kp_endog=0.0966 | Elapsed: 04:40 | ETA: ~15:50 ... Loss: 5215088.3739  <-- (Target: 0.0000)
[2026-06-15 19:42:40] Eval 058 | X: k_absp=29.5728, k_dig=0.0010, Kp_endog=0.0979 | Elapsed: 04:44 | ETA: ~15:43 ... Loss: 5212435.5577  <-- (Target: 0.0000)
[2026-06-15 19:42:44] Eval 059 | X: k_absp=29.5728, k_dig=0.0010, Kp_endog=0.0987 | Elapsed: 04:49 | ETA: ~15:35 ... Loss: 5211211.7552  <-- (Target: 0.0000)
[2026-06-15 19:42:48] Eval 060 | X: k_absp=29.5728, k_dig=0.0010, Kp_endog=0.0992 | Elapsed: 04:53 | ETA: ~15:28 ... Loss: 5210420.5424  <-- (Target: 0.0000)
[2026-06-15 19:42:52] Eval 061 | X: k_absp=29.5728, k_dig=0.0010, Kp_endog=0.0995 | Elapsed: 04:57 | ETA: ~15:21 ... Loss: 5209693.2482  <-- (Target: 0.0000)
[2026-06-15 19:42:56] Eval 062 | X: k_absp=29.5728, k_dig=0.0010, Kp_endog=0.0997 | Elapsed: 05:01 | ETA: ~15:13 ... Loss: 5209411.7459  <-- (Target: 0.0000)
[2026-06-15 19:43:00] Eval 063 | X: k_absp=29.5728, k_dig=0.0010, Kp_endog=0.0998 | Elapsed: 05:05 | ETA: ~15:07 ... Loss: 5209251.3578  <-- (Target: 0.0000)
[2026-06-15 19:43:05] Eval 064 | X: k_absp=29.5728, k_dig=0.0010, Kp_endog=0.0999 | Elapsed: 05:09 | ETA: ~15:00 ... Loss: 5209038.6715  <-- (Target: 0.0000)
[2026-06-15 19:43:09] Eval 065 | X: k_absp=29.5728, k_dig=0.0010, Kp_endog=0.0999 | Elapsed: 05:13 | ETA: ~14:53 ... Loss: 5209080.7856  <-- (Target: 0.0000)
[2026-06-15 19:43:13] Eval 066 | X: k_absp=29.5728, k_dig=0.0010, Kp_endog=0.0998 | Elapsed: 05:18 | ETA: ~14:47 ... Loss: 5209150.4975  <-- (Target: 0.0000)
[2026-06-15 19:43:17] Eval 067 | X: k_absp=29.5564, k_dig=0.0010, Kp_endog=0.0999 | Elapsed: 05:22 | ETA: ~14:40 ... Loss: 3974656.5670  <-- (Target: 0.0000)
[2026-06-15 19:43:21] Eval 068 | X: k_absp=53.6854, k_dig=0.0622, Kp_endog=0.0395 | Elapsed: 05:26 | ETA: ~14:33 ... Loss: 4375138468411.3652  <-- (Target: 0.0000)
[2026-06-15 19:43:25] Eval 069 | X: k_absp=44.4689, k_dig=0.0388, Kp_endog=0.0626 | Elapsed: 05:30 | ETA: ~14:27 ... Loss: 1245527840973.3469  <-- (Target: 0.0000)
[2026-06-15 19:43:29] Eval 070 | X: k_absp=38.7728, k_dig=0.0244, Kp_endog=0.0768 | Elapsed: 05:34 | ETA: ~14:20 ... Loss: 401964951533.3396  <-- (Target: 0.0000)
[2026-06-15 19:43:33] Eval 071 | X: k_absp=35.8538, k_dig=0.0170, Kp_endog=0.0842 | Elapsed: 05:38 | ETA: ~14:14 ... Loss: 168146442536.2451  <-- (Target: 0.0000)
[2026-06-15 19:43:38] Eval 072 | X: k_absp=33.4484, k_dig=0.0109, Kp_endog=0.0902 | Elapsed: 05:42 | ETA: ~14:07 ... Loss: 51679465204.1907  <-- (Target: 0.0000)
[2026-06-15 19:43:42] Eval 073 | X: k_absp=30.5825, k_dig=0.0036, Kp_endog=0.0974 | Elapsed: 05:47 | ETA: ~14:01 ... Loss: 1338497344.7733  <-- (Target: 0.0000)
[2026-06-15 19:43:46] Eval 074 | X: k_absp=30.5149, k_dig=0.0034, Kp_endog=0.0975 | Elapsed: 05:51 | ETA: ~13:55 ... Loss: 1041203094.2078  <-- (Target: 0.0000)
[2026-06-15 19:43:50] Eval 075 | X: k_absp=30.0583, k_dig=0.0023, Kp_endog=0.0987 | Elapsed: 05:55 | ETA: ~13:49 ... Loss: 201808454.6224  <-- (Target: 0.0000)
[2026-06-15 19:43:55] Eval 076 | X: k_absp=29.8666, k_dig=0.0018, Kp_endog=0.0991 | Elapsed: 06:00 | ETA: ~13:44 ... Loss: 56736096.3247  <-- (Target: 0.0000)
[2026-06-15 19:43:59] Eval 077 | X: k_absp=29.7356, k_dig=0.0015, Kp_endog=0.0995 | Elapsed: 06:04 | ETA: ~13:38 ... Loss: 19611252.5899  <-- (Target: 0.0000)
[2026-06-15 19:44:03] Eval 078 | X: k_absp=29.7045, k_dig=0.0014, Kp_endog=0.0996 | Elapsed: 06:08 | ETA: ~13:32 ... Loss: 16722848.7021  <-- (Target: 0.0000)
[2026-06-15 19:44:08] Eval 079 | X: k_absp=29.6807, k_dig=0.0013, Kp_endog=0.0996 | Elapsed: 06:12 | ETA: ~13:27 ... Loss: 13831056.7746  <-- (Target: 0.0000)
[2026-06-15 19:44:12] Eval 080 | X: k_absp=29.6332, k_dig=0.0012, Kp_endog=0.0997 | Elapsed: 06:17 | ETA: ~13:21 ... Loss: 8667661.0117  <-- (Target: 0.0000)
[2026-06-15 19:44:16] Eval 081 | X: k_absp=29.6039, k_dig=0.0011, Kp_endog=0.0998 | Elapsed: 06:21 | ETA: ~13:15 ... Loss: 6158528.4515  <-- (Target: 0.0000)
[2026-06-15 19:44:20] Eval 082 | X: k_absp=29.5857, k_dig=0.0011, Kp_endog=0.0999 | Elapsed: 06:25 | ETA: ~13:10 ... Loss: 5102566.5537  <-- (Target: 0.0000)
[2026-06-15 19:44:24] Eval 083 | X: k_absp=29.5745, k_dig=0.0010, Kp_endog=0.0999 | Elapsed: 06:29 | ETA: ~13:03 ... Loss: 5072989.4528  <-- (Target: 0.0000)
[2026-06-15 19:44:28] Eval 084 | X: k_absp=29.5794, k_dig=0.0011, Kp_endog=0.0999 | Elapsed: 06:33 | ETA: ~12:57 ... Loss: 4572089.3098  <-- (Target: 0.0000)
[2026-06-15 19:44:32] Eval 085 | X: k_absp=29.5806, k_dig=0.0011, Kp_endog=0.0999 | Elapsed: 06:36 | ETA: ~12:50 ... Loss: 5760484.8166  <-- (Target: 0.0000)
[2026-06-15 19:44:35] Eval 086 | X: k_absp=29.5783, k_dig=0.0011, Kp_endog=0.0999 | Elapsed: 06:40 | ETA: ~12:42 ... Loss: 5152368.0910  <-- (Target: 0.0000)
[2026-06-15 19:44:38] Eval 087 | X: k_absp=38.1972, k_dig=0.0011, Kp_endog=0.0999 | Elapsed: 06:43 | ETA: ~12:35 ... Loss: 5116511.7505  <-- (Target: 0.0000)
[2026-06-15 19:44:41] Eval 088 | X: k_absp=61.8038, k_dig=0.0011, Kp_endog=0.0999 | Elapsed: 06:46 | ETA: ~12:27 ... Loss: 5327883.4378  <-- (Target: 0.0000)
[2026-06-15 19:44:44] Eval 089 | X: k_absp=23.6076, k_dig=0.0011, Kp_endog=0.0999 | Elapsed: 06:49 | ETA: ~12:20 ... Loss: 4689730.7801  <-- (Target: 0.0000)
[2026-06-15 19:44:47] Eval 090 | X: k_absp=14.5907, k_dig=0.0011, Kp_endog=0.0999 | Elapsed: 06:52 | ETA: ~12:13 ... Loss: 4408997.6882  <-- (Target: 0.0000)
[2026-06-15 19:44:50] Eval 091 | X: k_absp=9.0179, k_dig=0.0011, Kp_endog=0.0999 | Elapsed: 06:55 | ETA: ~12:06 ... Loss: 4061143.0878  <-- (Target: 0.0000)
[2026-06-15 19:44:53] Eval 092 | X: k_absp=5.5738, k_dig=0.0011, Kp_endog=0.0999 | Elapsed: 06:58 | ETA: ~11:59 ... Loss: 3871823.1036  <-- (Target: 0.0000)
[2026-06-15 19:44:57] Eval 093 | X: k_absp=3.4452, k_dig=0.0011, Kp_endog=0.0999 | Elapsed: 07:02 | ETA: ~11:52 ... Loss: 3829094.0381  <-- (Target: 0.0000)
[2026-06-15 19:45:00] Eval 094 | X: k_absp=2.9065, k_dig=0.0011, Kp_endog=0.0999 | Elapsed: 07:05 | ETA: ~11:45 ... Loss: 3702176.7932  <-- (Target: 0.0000)
[2026-06-15 19:45:04] Eval 095 | X: k_absp=1.7967, k_dig=0.0011, Kp_endog=0.0999 | Elapsed: 07:08 | ETA: ~11:39 ... Loss: 3438036.6601  <-- (Target: 0.0000)
[2026-06-15 19:45:07] Eval 096 | X: k_absp=1.1108, k_dig=0.0011, Kp_endog=0.0999 | Elapsed: 07:12 | ETA: ~11:33 ... Loss: 2841717.3635  <-- (Target: 0.0000)
[2026-06-15 19:45:10] Eval 097 | X: k_absp=0.6869, k_dig=0.0011, Kp_endog=0.0999 | Elapsed: 07:15 | ETA: ~11:26 ... Loss: 2563879.0926  <-- (Target: 0.0000)
[2026-06-15 19:45:13] Eval 098 | X: k_absp=0.4249, k_dig=0.0011, Kp_endog=0.0999 | Elapsed: 07:18 | ETA: ~11:20 ... Loss: 1942460.0814  <-- (Target: 0.0000)
[2026-06-15 19:45:17] Eval 099 | X: k_absp=0.2630, k_dig=0.0011, Kp_endog=0.0999 | Elapsed: 07:22 | ETA: ~11:14 ... Loss: 1626257.1932  <-- (Target: 0.0000)
[2026-06-15 19:45:20] Eval 100 | X: k_absp=0.1629, k_dig=0.0011, Kp_endog=0.0999 | Elapsed: 07:25 | ETA: ~11:07 ... Loss: 1273179.0829  <-- (Target: 0.0000)
[2026-06-15 19:45:23] Eval 101 | X: k_absp=0.1011, k_dig=0.0011, Kp_endog=0.0999 | Elapsed: 07:28 | ETA: ~11:02 ... Loss: 1236582.9148  <-- (Target: 0.0000)
[2026-06-15 19:45:27] Eval 102 | X: k_absp=0.1157, k_dig=0.0011, Kp_endog=0.0999 | Elapsed: 07:32 | ETA: ~10:56 ... Loss: 1105218.5737  <-- (Target: 0.0000)
[2026-06-15 19:45:30] Eval 103 | X: k_absp=0.1305, k_dig=0.0011, Kp_endog=0.0999 | Elapsed: 07:35 | ETA: ~10:50 ... Loss: 1352768.4577  <-- (Target: 0.0000)
[2026-06-15 19:45:34] Eval 104 | X: k_absp=0.1214, k_dig=0.0011, Kp_endog=0.0999 | Elapsed: 07:39 | ETA: ~10:44 ... Loss: 1330293.8845  <-- (Target: 0.0000)
[2026-06-15 19:45:37] Eval 105 | X: k_absp=0.1101, k_dig=0.0011, Kp_endog=0.0999 | Elapsed: 07:42 | ETA: ~10:38 ... Loss: 1064476.8915  <-- (Target: 0.0000)
[2026-06-15 19:45:41] Eval 106 | X: k_absp=0.1109, k_dig=0.0011, Kp_endog=0.0999 | Elapsed: 07:46 | ETA: ~10:33 ... Loss: 1325458.9936  <-- (Target: 0.0000)
[2026-06-15 19:45:44] Eval 107 | X: k_absp=0.1101, k_dig=0.0011, Kp_endog=0.0999 | Elapsed: 07:49 | ETA: ~10:27 ... Loss: 1281576.1556  <-- (Target: 0.0000)
[2026-06-15 19:45:47] Eval 108 | X: k_absp=0.1104, k_dig=0.0011, Kp_endog=0.0999 | Elapsed: 07:52 | ETA: ~10:21 ... Loss: 1162410.6485  <-- (Target: 0.0000)
[2026-06-15 19:45:51] Eval 109 | X: k_absp=0.1102, k_dig=0.0011, Kp_endog=0.0999 | Elapsed: 07:56 | ETA: ~10:16 ... Loss: 1244529.0418  <-- (Target: 0.0000)
[2026-06-15 19:45:54] Eval 110 | X: k_absp=0.1101, k_dig=0.0011, Kp_endog=0.0999 | Elapsed: 07:59 | ETA: ~10:10 ... Loss: 1447563.4095  <-- (Target: 0.0000)
[2026-06-15 19:45:58] Eval 111 | X: k_absp=0.1101, k_dig=0.0011, Kp_endog=0.0388 | Elapsed: 08:03 | ETA: ~10:04 ... Loss: 1119605.9266  <-- (Target: 0.0000)
[2026-06-15 19:46:01] Eval 112 | X: k_absp=0.1101, k_dig=0.0011, Kp_endog=0.0622 | Elapsed: 08:06 | ETA: ~09:59 ... Loss: 1098273.0726  <-- (Target: 0.0000)
[2026-06-15 19:46:04] Eval 113 | X: k_absp=0.1101, k_dig=0.0011, Kp_endog=0.0766 | Elapsed: 08:09 | ETA: ~09:53 ... Loss: 1085413.5359  <-- (Target: 0.0000)
[2026-06-15 19:46:08] Eval 114 | X: k_absp=0.1101, k_dig=0.0011, Kp_endog=0.0856 | Elapsed: 08:12 | ETA: ~09:47 ... Loss: 1077467.6973  <-- (Target: 0.0000)
[2026-06-15 19:46:11] Eval 115 | X: k_absp=0.1101, k_dig=0.0011, Kp_endog=0.0911 | Elapsed: 08:16 | ETA: ~09:42 ... Loss: 1072432.5247  <-- (Target: 0.0000)
[2026-06-15 19:46:14] Eval 116 | X: k_absp=0.1101, k_dig=0.0011, Kp_endog=0.0945 | Elapsed: 08:19 | ETA: ~09:37 ... Loss: 1069379.4666  <-- (Target: 0.0000)
[2026-06-15 19:46:18] Eval 117 | X: k_absp=0.1101, k_dig=0.0011, Kp_endog=0.0966 | Elapsed: 08:22 | ETA: ~09:31 ... Loss: 1067201.5156  <-- (Target: 0.0000)
[2026-06-15 19:46:21] Eval 118 | X: k_absp=0.1101, k_dig=0.0011, Kp_endog=0.0979 | Elapsed: 08:26 | ETA: ~09:26 ... Loss: 1066001.6498  <-- (Target: 0.0000)
[2026-06-15 19:46:24] Eval 119 | X: k_absp=0.1101, k_dig=0.0011, Kp_endog=0.0987 | Elapsed: 08:29 | ETA: ~09:21 ... Loss: 1065448.2500  <-- (Target: 0.0000)
[2026-06-15 19:46:28] Eval 120 | X: k_absp=0.1101, k_dig=0.0011, Kp_endog=0.0992 | Elapsed: 08:33 | ETA: ~09:15 ... Loss: 1065090.5078  <-- (Target: 0.0000)
[2026-06-15 19:46:31] Eval 121 | X: k_absp=0.1101, k_dig=0.0011, Kp_endog=0.0995 | Elapsed: 08:36 | ETA: ~09:10 ... Loss: 1064761.6951  <-- (Target: 0.0000)
[2026-06-15 19:46:35] Eval 122 | X: k_absp=0.1101, k_dig=0.0011, Kp_endog=0.0997 | Elapsed: 08:39 | ETA: ~09:05 ... Loss: 1064634.4342  <-- (Target: 0.0000)
[2026-06-15 19:46:38] Eval 123 | X: k_absp=0.1101, k_dig=0.0011, Kp_endog=0.0998 | Elapsed: 08:43 | ETA: ~09:00 ... Loss: 1064561.9282  <-- (Target: 0.0000)
[2026-06-15 19:46:41] Eval 124 | X: k_absp=0.1101, k_dig=0.0011, Kp_endog=0.0999 | Elapsed: 08:46 | ETA: ~08:54 ... Loss: 1064465.7820  <-- (Target: 0.0000)
[2026-06-15 19:46:44] Eval 125 | X: k_absp=0.1101, k_dig=0.0011, Kp_endog=0.0999 | Elapsed: 08:49 | ETA: ~08:49 ... Loss: 1064484.8198  <-- (Target: 0.0000)
[2026-06-15 19:46:48] Eval 126 | X: k_absp=0.1101, k_dig=0.0011, Kp_endog=0.0998 | Elapsed: 08:53 | ETA: ~08:44 ... Loss: 1064516.3285  <-- (Target: 0.0000)
[2026-06-15 19:46:51] Eval 127 | X: k_absp=14.9996, k_dig=0.0388, Kp_endog=0.0626 | Elapsed: 08:56 | ETA: ~08:39 ... Loss: 1203509942378.6775  <-- (Target: 0.0000)
[2026-06-15 19:46:54] Eval 128 | X: k_absp=24.2160, k_dig=0.0622, Kp_endog=0.0395 | Elapsed: 08:59 | ETA: ~08:34 ... Loss: 3423189923461.6289  <-- (Target: 0.0000)
[2026-06-15 19:46:58] Eval 129 | X: k_absp=9.3035, k_dig=0.0244, Kp_endog=0.0769 | Elapsed: 09:03 | ETA: ~08:29 ... Loss: 318967053015.7651  <-- (Target: 0.0000)
[2026-06-15 19:47:01] Eval 130 | X: k_absp=5.7831, k_dig=0.0154, Kp_endog=0.0857 | Elapsed: 09:06 | ETA: ~08:24 ... Loss: 113676061047.1116  <-- (Target: 0.0000)
[2026-06-15 19:47:04] Eval 131 | X: k_absp=4.7722, k_dig=0.0129, Kp_endog=0.0882 | Elapsed: 09:09 | ETA: ~08:19 ... Loss: 73701660604.3706  <-- (Target: 0.0000)
[2026-06-15 19:47:07] Eval 132 | X: k_absp=2.9826, k_dig=0.0083, Kp_endog=0.0927 | Elapsed: 09:12 | ETA: ~08:13 ... Loss: 17963369097.6634  <-- (Target: 0.0000)
[2026-06-15 19:47:11] Eval 133 | X: k_absp=1.8766, k_dig=0.0055, Kp_endog=0.0955 | Elapsed: 09:15 | ETA: ~08:09 ... Loss: 5380991255.7081  <-- (Target: 0.0000)
[2026-06-15 19:47:14] Eval 134 | X: k_absp=1.5965, k_dig=0.0048, Kp_endog=0.0962 | Elapsed: 09:19 | ETA: ~08:03 ... Loss: 2958108305.0825  <-- (Target: 0.0000)
[2026-06-15 19:47:17] Eval 135 | X: k_absp=1.0200, k_dig=0.0034, Kp_endog=0.0976 | Elapsed: 09:22 | ETA: ~07:58 ... Loss: 827997103.5490  <-- (Target: 0.0000)
[2026-06-15 19:47:20] Eval 136 | X: k_absp=0.9889, k_dig=0.0033, Kp_endog=0.0977 | Elapsed: 09:25 | ETA: ~07:53 ... Loss: 796989969.8239  <-- (Target: 0.0000)
[2026-06-15 19:47:23] Eval 137 | X: k_absp=0.8920, k_dig=0.0030, Kp_endog=0.0979 | Elapsed: 09:28 | ETA: ~07:48 ... Loss: 552263031.8171  <-- (Target: 0.0000)
[2026-06-15 19:47:26] Eval 138 | X: k_absp=0.5845, k_dig=0.0023, Kp_endog=0.0987 | Elapsed: 09:31 | ETA: ~07:43 ... Loss: 138062022.5670  <-- (Target: 0.0000)
[2026-06-15 19:47:29] Eval 139 | X: k_absp=0.5068, k_dig=0.0021, Kp_endog=0.0989 | Elapsed: 09:34 | ETA: ~07:39 ... Loss: 82230638.5171  <-- (Target: 0.0000)
[2026-06-15 19:47:33] Eval 140 | X: k_absp=0.3465, k_dig=0.0017, Kp_endog=0.0993 | Elapsed: 09:38 | ETA: ~07:34 ... Loss: 25775833.6768  <-- (Target: 0.0000)
[2026-06-15 19:47:36] Eval 141 | X: k_absp=0.3123, k_dig=0.0016, Kp_endog=0.0994 | Elapsed: 09:41 | ETA: ~07:29 ... Loss: 17726701.4743  <-- (Target: 0.0000)
[2026-06-15 19:47:39] Eval 142 | X: k_absp=0.2263, k_dig=0.0014, Kp_endog=0.0996 | Elapsed: 09:44 | ETA: ~07:24 ... Loss: 7009533.3816  <-- (Target: 0.0000)
[2026-06-15 19:47:42] Eval 143 | X: k_absp=0.2019, k_dig=0.0013, Kp_endog=0.0997 | Elapsed: 09:47 | ETA: ~07:19 ... Loss: 5069511.5513  <-- (Target: 0.0000)
[2026-06-15 19:47:45] Eval 144 | X: k_absp=0.1580, k_dig=0.0012, Kp_endog=0.0998 | Elapsed: 09:50 | ETA: ~07:14 ... Loss: 3049266.0332  <-- (Target: 0.0000)
[2026-06-15 19:47:48] Eval 145 | X: k_absp=0.1329, k_dig=0.0011, Kp_endog=0.0998 | Elapsed: 09:53 | ETA: ~07:09 ... Loss: 1712164.9725  <-- (Target: 0.0000)
[2026-06-15 19:47:51] Eval 146 | X: k_absp=0.1154, k_dig=0.0011, Kp_endog=0.0999 | Elapsed: 09:56 | ETA: ~07:04 ... Loss: 1401635.2017  <-- (Target: 0.0000)
[2026-06-15 19:47:55] Eval 147 | X: k_absp=0.1136, k_dig=0.0011, Kp_endog=0.0999 | Elapsed: 09:59 | ETA: ~07:00 ... Loss: 1148352.9377  <-- (Target: 0.0000)
[2026-06-15 19:47:58] Eval 148 | X: k_absp=0.1034, k_dig=0.0010, Kp_endog=0.0999 | Elapsed: 10:03 | ETA: ~06:55 ... Loss: 1132082.3509  <-- (Target: 0.0000)
[2026-06-15 19:48:01] Eval 149 | X: k_absp=0.1084, k_dig=0.0011, Kp_endog=0.0999 | Elapsed: 10:06 | ETA: ~06:51 ... Loss: 1319675.6868  <-- (Target: 0.0000)
[2026-06-15 19:48:04] Eval 150 | X: k_absp=0.0972, k_dig=0.0010, Kp_endog=0.0999 | Elapsed: 10:09 | ETA: ~06:46 ... Loss: 1207994.1245  <-- (Target: 0.0000)
[2026-06-15 19:48:08] Eval 151 | X: k_absp=0.1075, k_dig=0.0011, Kp_endog=0.0999 | Elapsed: 10:12 | ETA: ~06:41 ... Loss: 1558337.9953  <-- (Target: 0.0000)
[2026-06-15 19:48:11] Eval 152 | X: k_absp=0.1011, k_dig=0.0010, Kp_endog=0.0999 | Elapsed: 10:16 | ETA: ~06:37 ... Loss:  948727.9615  <-- (Target: 0.0000)
[2026-06-15 19:48:14] Eval 153 | X: k_absp=0.0996, k_dig=0.0010, Kp_endog=0.0999 | Elapsed: 10:19 | ETA: ~06:32 ... Loss: 1184101.6925  <-- (Target: 0.0000)
[2026-06-15 19:48:18] Eval 154 | X: k_absp=0.1020, k_dig=0.0010, Kp_endog=0.0999 | Elapsed: 10:23 | ETA: ~06:28 ... Loss: 1229667.9764  <-- (Target: 0.0000)
[2026-06-15 19:48:21] Eval 155 | X: k_absp=0.1005, k_dig=0.0010, Kp_endog=0.0999 | Elapsed: 10:26 | ETA: ~06:23 ... Loss: 1334896.6296  <-- (Target: 0.0000)
[2026-06-15 19:48:25] Eval 156 | X: k_absp=0.1014, k_dig=0.0010, Kp_endog=0.0999 | Elapsed: 10:29 | ETA: ~06:19 ... Loss: 1295381.0053  <-- (Target: 0.0000)
[2026-06-15 19:48:28] Eval 157 | X: k_absp=0.1008, k_dig=0.0010, Kp_endog=0.0999 | Elapsed: 10:33 | ETA: ~06:15 ... Loss: 1020353.5713  <-- (Target: 0.0000)
[2026-06-15 19:48:31] Eval 158 | X: k_absp=0.1012, k_dig=0.0010, Kp_endog=0.0999 | Elapsed: 10:36 | ETA: ~06:10 ... Loss: 1179124.9899  <-- (Target: 0.0000)
[2026-06-15 19:48:34] Eval 159 | X: k_absp=0.1010, k_dig=0.0010, Kp_endog=0.0999 | Elapsed: 10:39 | ETA: ~06:06 ... Loss: 1304339.5527  <-- (Target: 0.0000)
[2026-06-15 19:48:38] Eval 160 | X: k_absp=0.1011, k_dig=0.0010, Kp_endog=0.0999 | Elapsed: 10:43 | ETA: ~06:01 ... Loss: 1212005.8693  <-- (Target: 0.0000)
[2026-06-15 19:48:41] Eval 161 | X: k_absp=0.1010, k_dig=0.0010, Kp_endog=0.0999 | Elapsed: 10:46 | ETA: ~05:57 ... Loss:  968525.2591  <-- (Target: 0.0000)
[2026-06-15 19:48:45] Eval 162 | X: k_absp=0.1011, k_dig=0.0010, Kp_endog=0.0999 | Elapsed: 10:50 | ETA: ~05:53 ... Loss: 1247660.8115  <-- (Target: 0.0000)
[2026-06-15 19:48:48] Eval 163 | X: k_absp=0.1010, k_dig=0.0010, Kp_endog=0.0999 | Elapsed: 10:53 | ETA: ~05:48 ... Loss: 1159600.0817  <-- (Target: 0.0000)
[2026-06-15 19:48:52] Eval 164 | X: k_absp=0.1011, k_dig=0.0010, Kp_endog=0.0999 | Elapsed: 10:56 | ETA: ~05:44 ... Loss:  972042.9373  <-- (Target: 0.0000)
[2026-06-15 19:48:55] Eval 165 | X: k_absp=0.1010, k_dig=0.0010, Kp_endog=0.0999 | Elapsed: 11:00 | ETA: ~05:40 ... Loss: 1142646.1578  <-- (Target: 0.0000)
[2026-06-15 19:48:58] Eval 166 | X: k_absp=0.1011, k_dig=0.0010, Kp_endog=0.0999 | Elapsed: 11:03 | ETA: ~05:35 ... Loss:  989523.3854  <-- (Target: 0.0000)
[2026-06-15 19:49:02] Eval 167 | X: k_absp=0.1010, k_dig=0.0010, Kp_endog=0.0999 | Elapsed: 11:07 | ETA: ~05:31 ... Loss: 1363695.7949  <-- (Target: 0.0000)
[2026-06-15 19:49:05] Eval 168 | X: k_absp=0.1011, k_dig=0.0010, Kp_endog=0.0999 | Elapsed: 11:10 | ETA: ~05:27 ... Loss: 1231263.1645  <-- (Target: 0.0000)
[2026-06-15 19:49:09] Eval 169 | X: k_absp=0.1010, k_dig=0.0010, Kp_endog=0.0999 | Elapsed: 11:13 | ETA: ~05:22 ... Loss: 1158998.6538  <-- (Target: 0.0000)
[2026-06-15 19:49:12] Eval 170 | X: k_absp=0.1011, k_dig=0.0010, Kp_endog=0.0999 | Elapsed: 11:17 | ETA: ~05:18 ... Loss: 1229896.4508  <-- (Target: 0.0000)
[2026-06-15 19:49:15] Eval 171 | X: k_absp=0.1011, k_dig=0.0010, Kp_endog=0.0999 | Elapsed: 11:20 | ETA: ~05:14 ... Loss: 1155280.7691  <-- (Target: 0.0000)
[2026-06-15 19:49:18] Eval 172 | X: k_absp=0.0010, k_dig=0.0010, Kp_endog=0.0999 | Elapsed: 11:23 | ETA: ~05:10 ... Loss:  543105.2409  <-- (Target: 0.0000)
[2026-06-15 19:49:22] Eval 173 | X: k_absp=61.8038, k_dig=0.0010, Kp_endog=0.0999 | Elapsed: 11:27 | ETA: ~05:05 ... Loss: 5692083.7535  <-- (Target: 0.0000)
[2026-06-15 19:49:25] Eval 174 | X: k_absp=38.1972, k_dig=0.0010, Kp_endog=0.0999 | Elapsed: 11:30 | ETA: ~05:01 ... Loss: 5148741.9126  <-- (Target: 0.0000)
[2026-06-15 19:49:28] Eval 175 | X: k_absp=23.6076, k_dig=0.0010, Kp_endog=0.0999 | Elapsed: 11:33 | ETA: ~04:57 ... Loss: 4613229.8494  <-- (Target: 0.0000)
[2026-06-15 19:49:31] Eval 176 | X: k_absp=14.5907, k_dig=0.0010, Kp_endog=0.0999 | Elapsed: 11:36 | ETA: ~04:52 ... Loss: 4534580.4506  <-- (Target: 0.0000)
[2026-06-15 19:49:34] Eval 177 | X: k_absp=15.4199, k_dig=0.0010, Kp_endog=0.0999 | Elapsed: 11:39 | ETA: ~04:48 ... Loss: 4260251.4430  <-- (Target: 0.0000)
[2026-06-15 19:49:37] Eval 178 | X: k_absp=18.9939, k_dig=0.0010, Kp_endog=0.0999 | Elapsed: 11:42 | ETA: ~04:44 ... Loss: 4712148.9716  <-- (Target: 0.0000)
[2026-06-15 19:49:41] Eval 179 | X: k_absp=16.7851, k_dig=0.0010, Kp_endog=0.0999 | Elapsed: 11:45 | ETA: ~04:40 ... Loss: 4504816.9372  <-- (Target: 0.0000)
[2026-06-15 19:49:44] Eval 180 | X: k_absp=15.7170, k_dig=0.0010, Kp_endog=0.0999 | Elapsed: 11:49 | ETA: ~04:35 ... Loss: 4323671.0501  <-- (Target: 0.0000)
[2026-06-15 19:49:47] Eval 181 | X: k_absp=15.1032, k_dig=0.0010, Kp_endog=0.0999 | Elapsed: 11:52 | ETA: ~04:31 ... Loss: 4343939.1931  <-- (Target: 0.0000)
[2026-06-15 19:49:50] Eval 182 | X: k_absp=15.4313, k_dig=0.0010, Kp_endog=0.0999 | Elapsed: 11:55 | ETA: ~04:27 ... Loss: 4662146.9463  <-- (Target: 0.0000)
[2026-06-15 19:49:53] Eval 183 | X: k_absp=15.4189, k_dig=0.0010, Kp_endog=0.0999 | Elapsed: 11:58 | ETA: ~04:22 ... Loss: 4254349.4241  <-- (Target: 0.0000)
[2026-06-15 19:49:56] Eval 184 | X: k_absp=15.2983, k_dig=0.0010, Kp_endog=0.0999 | Elapsed: 12:01 | ETA: ~04:18 ... Loss: 4282691.8860  <-- (Target: 0.0000)
[2026-06-15 19:49:59] Eval 185 | X: k_absp=15.3609, k_dig=0.0010, Kp_endog=0.0999 | Elapsed: 12:04 | ETA: ~04:14 ... Loss: 4269064.0114  <-- (Target: 0.0000)
[2026-06-15 19:50:02] Eval 186 | X: k_absp=15.3911, k_dig=0.0010, Kp_endog=0.0999 | Elapsed: 12:07 | ETA: ~04:10 ... Loss: 4440044.7414  <-- (Target: 0.0000)
[2026-06-15 19:50:06] Eval 187 | X: k_absp=15.4083, k_dig=0.0010, Kp_endog=0.0999 | Elapsed: 12:10 | ETA: ~04:06 ... Loss: 4083285.8948  <-- (Target: 0.0000)
[2026-06-15 19:50:09] Eval 188 | X: k_absp=15.4017, k_dig=0.0010, Kp_endog=0.0999 | Elapsed: 12:13 | ETA: ~04:02 ... Loss: 4339710.1859  <-- (Target: 0.0000)
[2026-06-15 19:50:12] Eval 189 | X: k_absp=15.4124, k_dig=0.0010, Kp_endog=0.0999 | Elapsed: 12:17 | ETA: ~03:57 ... Loss: 4152192.8034  <-- (Target: 0.0000)
[2026-06-15 19:50:15] Eval 190 | X: k_absp=15.4058, k_dig=0.0010, Kp_endog=0.0999 | Elapsed: 12:20 | ETA: ~03:53 ... Loss: 4446631.1355  <-- (Target: 0.0000)
[2026-06-15 19:50:19] Eval 191 | X: k_absp=15.4098, k_dig=0.0010, Kp_endog=0.0999 | Elapsed: 12:23 | ETA: ~03:49 ... Loss: 4428060.0566  <-- (Target: 0.0000)
[2026-06-15 19:50:22] Eval 192 | X: k_absp=15.4073, k_dig=0.0010, Kp_endog=0.0999 | Elapsed: 12:27 | ETA: ~03:45 ... Loss: 4370757.7767  <-- (Target: 0.0000)
[2026-06-15 19:50:25] Eval 193 | X: k_absp=30.3056, k_dig=0.0388, Kp_endog=0.0626 | Elapsed: 12:30 | ETA: ~03:41 ... Loss: 1187293078063.3721  <-- (Target: 0.0000)
[2026-06-15 19:50:28] Eval 194 | X: k_absp=39.5220, k_dig=0.0622, Kp_endog=0.0395 | Elapsed: 12:33 | ETA: ~03:37 ... Loss: 4023817466328.8462  <-- (Target: 0.0000)
[2026-06-15 19:50:32] Eval 195 | X: k_absp=24.6095, k_dig=0.0244, Kp_endog=0.0769 | Elapsed: 12:37 | ETA: ~03:33 ... Loss: 425780472441.3308  <-- (Target: 0.0000)
[2026-06-15 19:50:35] Eval 196 | X: k_absp=21.7311, k_dig=0.0171, Kp_endog=0.0841 | Elapsed: 12:40 | ETA: ~03:29 ... Loss: 168142642239.1346  <-- (Target: 0.0000)
[2026-06-15 19:50:39] Eval 197 | X: k_absp=19.3102, k_dig=0.0109, Kp_endog=0.0901 | Elapsed: 12:43 | ETA: ~03:25 ... Loss: 46432070396.3395  <-- (Target: 0.0000)
[2026-06-15 19:50:42] Eval 198 | X: k_absp=17.1255, k_dig=0.0054, Kp_endog=0.0956 | Elapsed: 12:47 | ETA: ~03:21 ... Loss: 5116332557.5101  <-- (Target: 0.0000)
[2026-06-15 19:50:45] Eval 199 | X: k_absp=16.8293, k_dig=0.0046, Kp_endog=0.0963 | Elapsed: 12:50 | ETA: ~03:17 ... Loss: 3024680712.4517  <-- (Target: 0.0000)
[2026-06-15 19:50:48] Eval 200 | X: k_absp=16.2382, k_dig=0.0031, Kp_endog=0.0978 | Elapsed: 12:53 | ETA: ~03:13 ... Loss: 739207250.4808  <-- (Target: 0.0000)
[2026-06-15 19:50:52] Eval 201 | X: k_absp=15.9154, k_dig=0.0023, Kp_endog=0.0986 | Elapsed: 12:56 | ETA: ~03:09 ... Loss: 183525743.5687  <-- (Target: 0.0000)
[2026-06-15 19:50:55] Eval 202 | X: k_absp=15.7100, k_dig=0.0018, Kp_endog=0.0991 | Elapsed: 13:00 | ETA: ~03:05 ... Loss: 59105197.4701  <-- (Target: 0.0000)
[2026-06-15 19:50:58] Eval 203 | X: k_absp=15.6693, k_dig=0.0017, Kp_endog=0.0992 | Elapsed: 13:03 | ETA: ~03:01 ... Loss: 48099397.5203  <-- (Target: 0.0000)
[2026-06-15 19:51:01] Eval 204 | X: k_absp=15.5908, k_dig=0.0015, Kp_endog=0.0994 | Elapsed: 13:06 | ETA: ~02:57 ... Loss: 21967005.7919  <-- (Target: 0.0000)
[2026-06-15 19:51:04] Eval 205 | X: k_absp=15.5153, k_dig=0.0013, Kp_endog=0.0996 | Elapsed: 13:09 | ETA: ~02:53 ... Loss: 12312877.8370  <-- (Target: 0.0000)
[2026-06-15 19:51:08] Eval 206 | X: k_absp=15.5051, k_dig=0.0013, Kp_endog=0.0997 | Elapsed: 13:12 | ETA: ~02:49 ... Loss: 11186229.1307  <-- (Target: 0.0000)
[2026-06-15 19:51:11] Eval 207 | X: k_absp=15.4623, k_dig=0.0012, Kp_endog=0.0998 | Elapsed: 13:16 | ETA: ~02:45 ... Loss: 7269468.9930  <-- (Target: 0.0000)
[2026-06-15 19:51:14] Eval 208 | X: k_absp=15.4358, k_dig=0.0011, Kp_endog=0.0998 | Elapsed: 13:19 | ETA: ~02:41 ... Loss: 5566075.6789  <-- (Target: 0.0000)
[2026-06-15 19:51:17] Eval 209 | X: k_absp=15.4195, k_dig=0.0011, Kp_endog=0.0999 | Elapsed: 13:22 | ETA: ~02:37 ... Loss: 4662020.7335  <-- (Target: 0.0000)
[2026-06-15 19:51:20] Eval 210 | X: k_absp=15.4094, k_dig=0.0010, Kp_endog=0.0999 | Elapsed: 13:25 | ETA: ~02:33 ... Loss: 4175837.1544  <-- (Target: 0.0000)
[2026-06-15 19:51:23] Eval 211 | X: k_absp=15.4032, k_dig=0.0010, Kp_endog=0.0999 | Elapsed: 13:28 | ETA: ~02:29 ... Loss: 4059795.8867  <-- (Target: 0.0000)
[2026-06-15 19:51:26] Eval 212 | X: k_absp=15.4011, k_dig=0.0010, Kp_endog=0.0999 | Elapsed: 13:31 | ETA: ~02:25 ... Loss: 3888495.2462  <-- (Target: 0.0000)
[2026-06-15 19:51:30] Eval 213 | X: k_absp=15.3981, k_dig=0.0010, Kp_endog=0.0999 | Elapsed: 13:35 | ETA: ~02:21 ... Loss: 3787337.7993  <-- (Target: 0.0000)
[2026-06-15 19:51:33] Eval 214 | X: k_absp=15.3980, k_dig=0.0010, Kp_endog=0.0999 | Elapsed: 13:38 | ETA: ~02:17 ... Loss: 4016362.6691  <-- (Target: 0.0000)
[2026-06-15 19:51:36] Eval 215 | X: k_absp=15.3996, k_dig=0.0010, Kp_endog=0.0999 | Elapsed: 13:41 | ETA: ~02:13 ... Loss: 3906539.1398  <-- (Target: 0.0000)
[2026-06-15 19:51:39] Eval 216 | X: k_absp=15.3986, k_dig=0.0010, Kp_endog=0.0999 | Elapsed: 13:44 | ETA: ~02:09 ... Loss: 3738556.3939  <-- (Target: 0.0000)
[2026-06-15 19:51:43] Eval 217 | X: k_absp=15.3992, k_dig=0.0010, Kp_endog=0.0999 | Elapsed: 13:47 | ETA: ~02:05 ... Loss: 4101422.1698  <-- (Target: 0.0000)
[2026-06-15 19:51:46] Eval 218 | X: k_absp=15.3989, k_dig=0.0010, Kp_endog=0.0999 | Elapsed: 13:51 | ETA: ~02:01 ... Loss: 3813376.4707  <-- (Target: 0.0000)
[2026-06-15 19:51:49] Eval 219 | X: k_absp=15.3984, k_dig=0.0010, Kp_endog=0.0999 | Elapsed: 13:54 | ETA: ~01:58 ... Loss: 4016738.8505  <-- (Target: 0.0000)
[2026-06-15 19:51:52] Eval 220 | X: k_absp=15.3987, k_dig=0.0010, Kp_endog=0.0999 | Elapsed: 13:57 | ETA: ~01:54 ... Loss: 4166144.4223  <-- (Target: 0.0000)
[2026-06-15 19:51:55] Eval 221 | X: k_absp=15.3986, k_dig=0.0010, Kp_endog=0.0999 | Elapsed: 14:00 | ETA: ~01:50 ... Loss: 3647635.6979  <-- (Target: 0.0000)
[2026-06-15 19:51:58] Eval 222 | X: k_absp=15.3985, k_dig=0.0010, Kp_endog=0.0999 | Elapsed: 14:03 | ETA: ~01:46 ... Loss: 3780590.9531  <-- (Target: 0.0000)
[2026-06-15 19:52:02] Eval 223 | X: k_absp=15.3986, k_dig=0.0010, Kp_endog=0.0999 | Elapsed: 14:07 | ETA: ~01:42 ... Loss: 4039701.9940  <-- (Target: 0.0000)
[2026-06-15 19:52:05] Eval 224 | X: k_absp=15.3986, k_dig=0.0010, Kp_endog=0.0999 | Elapsed: 14:10 | ETA: ~01:38 ... Loss: 3847468.7640  <-- (Target: 0.0000)
[2026-06-15 19:52:08] Eval 225 | X: k_absp=15.3986, k_dig=0.0010, Kp_endog=0.0999 | Elapsed: 14:13 | ETA: ~01:34 ... Loss: 4119295.6219  <-- (Target: 0.0000)
[2026-06-15 19:52:11] Eval 226 | X: k_absp=15.3986, k_dig=0.0010, Kp_endog=0.0999 | Elapsed: 14:16 | ETA: ~01:30 ... Loss: 4130417.1201  <-- (Target: 0.0000)
[2026-06-15 19:52:14] Eval 227 | X: k_absp=15.3986, k_dig=0.0010, Kp_endog=0.0999 | Elapsed: 14:19 | ETA: ~01:27 ... Loss: 3719232.1248  <-- (Target: 0.0000)
[2026-06-15 19:52:17] Eval 228 | X: k_absp=15.3986, k_dig=0.0010, Kp_endog=0.0999 | Elapsed: 14:22 | ETA: ~01:23 ... Loss: 3718960.5512  <-- (Target: 0.0000)
[2026-06-15 19:52:20] Eval 229 | X: k_absp=15.3986, k_dig=0.0010, Kp_endog=0.0388 | Elapsed: 14:25 | ETA: ~01:19 ... Loss: 3749101.4554  <-- (Target: 0.0000)
[2026-06-15 19:52:23] Eval 230 | X: k_absp=15.3986, k_dig=0.0010, Kp_endog=0.0622 | Elapsed: 14:28 | ETA: ~01:15 ... 